// Jest Snapshot v1, https://goo.gl/fbAQLP

exports[`Addition Content view should render addition table 1`] = `
<AdditionTable
  docs={
    Array [
      Object {
        "_id": "5d024a6ced7a017a7c437b44",
        "name": "Service fisrtyjgjyssdhs",
        "price": 2.8,
      },
      Object {
        "_id": "5d024a6ced7a017a7c437b45",
        "name": "Fridhgnge",
        "price": 10,
      },
      Object {
        "_id": "5d08bc215fed473525340517",
        "name": "Rooms",
        "price": 0.6,
      },
      Object {
        "_id": "5d08f91b623ca1aaecb1fff5",
        "name": "Second service",
        "price": 1.6,
      },
      Object {
        "_id": "5d0b55b2c0e3612e2dec279d",
        "name": "Roomshj,vhj",
        "price": 2,
      },
      Object {
        "_id": "5d0b55cfc0e3612e2dec279e",
        "name": "Roomsfgncgh",
        "price": 1.5,
      },
      Object {
        "_id": "5d0c9219034c70c2e09b6a6f",
        "name": "kghjmn",
        "price": 0,
      },
    ]
  }
  i18n={Object {}}
  limit={10}
  load={[Function]}
  page={1}
  pages={1}
  t={[Function]}
  tReady={true}
  total={8}
/>
`;
