// Jest Snapshot v1, https://goo.gl/fbAQLP

exports[`Test case for testing main page Main page snapshot 1`] = `
<MainPage
  i18n={Object {}}
  logout={[Function]}
  t={[Function]}
  tReady={true}
/>
`;
